#-----------------------------------------------------------
# Vivado v2022.2 (64-bit)
# SW Build 3671981 on Fri Oct 14 05:00:03 MDT 2022
# IP Build 3669848 on Fri Oct 14 08:30:02 MDT 2022
# Start of session at: Thu Mar 13 17:10:08 2025
# Process ID: 13984
# Current directory: D:/Data/Projects/Embedded/Xilinx/G_DHT_Sensor
# Command line: vivado.exe -gui_launcher_event rodinguilauncherevent11360 D:\Data\Projects\Embedded\Xilinx\G_DHT_Sensor\G_DHT_Sensor.xpr
# Log file: D:/Data/Projects/Embedded/Xilinx/G_DHT_Sensor/vivado.log
# Journal file: D:/Data/Projects/Embedded/Xilinx/G_DHT_Sensor\vivado.jou
# Running On: HP-Tugba, OS: Windows, CPU Frequency: 2304 MHz, CPU Physical cores: 8, Host memory: 16877 MB
#-----------------------------------------------------------
start_gui
open_project D:/Data/Projects/Embedded/Xilinx/G_DHT_Sensor/G_DHT_Sensor.xpr
update_compile_order -fileset sources_1
open_hw_manager
connect_hw_server -allow_non_jtag
open_hw_target
set_property PROGRAM.FILE {D:/Data/Projects/Embedded/Xilinx/G_DHT_Sensor/G_DHT_Sensor.runs/impl_1/DHT11_Top.bit} [get_hw_devices xc7a35t_0]
current_hw_device [get_hw_devices xc7a35t_0]
refresh_hw_device -update_hw_probes false [lindex [get_hw_devices xc7a35t_0] 0]
set_property PROBES.FILE {} [get_hw_devices xc7a35t_0]
set_property FULL_PROBES.FILE {} [get_hw_devices xc7a35t_0]
set_property PROGRAM.FILE {D:/Data/Projects/Embedded/Xilinx/G_DHT_Sensor/G_DHT_Sensor.runs/impl_1/DHT11_Top.bit} [get_hw_devices xc7a35t_0]
program_hw_devices [get_hw_devices xc7a35t_0]
refresh_hw_device [lindex [get_hw_devices xc7a35t_0] 0]
